// Jest Snapshot v1, https://goo.gl/fbAQLP

exports[`index_stmt 1`] = `"CREATE INDEX idx_simple ON table_simple (simple);"`;

exports[`index_stmt 2`] = `"CREATE INDEX idx_composite ON table_composite (col1, col2);"`;

exports[`index_stmt 3`] = `"CREATE INDEX idx_include ON table_include (col1) INCLUDE (col2, col3);"`;

exports[`index_stmt 4`] = `"CREATE INDEX \\"idx_CaseSimple\\" ON \\"Table_CaseSimple\\" (\\"CaseSimple\\");"`;

exports[`index_stmt 5`] = `"CREATE INDEX \\"idx_CaseInclude\\" ON table_caseinclude (simple) INCLUDE (\\"CaseInclude\\");"`;
